// Jest Snapshot v1, https://goo.gl/fbAQLP

exports[`AddBookingForm Component renders the UI as expected 1`] = `
<form
  className="booking-form"
  onSubmit={[Function]}
>
  <div
    className="col-1"
  >
    <div
      className="input-cell"
    >
      <label
        htmlFor="name"
      >
        Name
      </label>
      <input
        id="name"
        name="name"
        onChange={[Function]}
        required={true}
        type="text"
        value=""
      />
    </div>
    <div
      className="input-cell"
    >
      <label
        htmlFor="email"
      >
        Email
      </label>
      <input
        id="email"
        name="email"
        onChange={[Function]}
        required={true}
        type="text"
        value=""
      />
    </div>
    <div
      className="input-cell"
    >
      <label
        htmlFor="address"
      >
        Address
      </label>
      <input
        id="address"
        name="address"
        onChange={[Function]}
        required={true}
        type="text"
        value=""
      />
    </div>
    <div
      className="input-cell"
    >
      <label
        htmlFor="city"
      >
        City
      </label>
      <input
        id="city"
        name="city"
        onChange={[Function]}
        required={true}
        type="text"
        value=""
      />
    </div>
    <div
      className="state-zip-container"
    >
      <div
        className="input-cell"
      >
        <label
          htmlFor="state"
        >
          State
        </label>
        <input
          id="state"
          name="state"
          onChange={[Function]}
          required={true}
          type="text"
          value=""
        />
      </div>
      <div
        className="input-cell"
      >
        <label
          htmlFor="zip"
        >
          Zip Code
        </label>
        <input
          id="zip"
          name="zip"
          onChange={[Function]}
          required={true}
          type="text"
          value=""
        />
      </div>
    </div>
  </div>
  <div
    className="col-2"
  >
    <div
      className="input-cell"
    >
      <label
        htmlFor="booking-type"
      >
        Booking type
      </label>
      <select
        id="booking-type"
        name="bookingtype"
        required={true}
        value=""
      >
        <option
          value="housekeeping"
        >
          Housekeeping
        </option>
        <option
          value="dogwalk"
        >
          Dog Walk
        </option>
      </select>
    </div>
    <div
      className="input-cell"
    >
      <label
        htmlFor="booking-date"
      >
        Booking Date
      </label>
      <input
        id="booking-date"
        name="bookingdate"
        onChange={[Function]}
        required={true}
        type="date"
        value=""
      />
    </div>
    <div
      className="input-cell"
    >
      <label
        htmlFor="booking-time"
      >
        Booking Time
      </label>
      <input
        id="booking-time"
        name="bookingtime"
        onChange={[Function]}
        required={true}
        type="time"
        value=""
      />
    </div>
    <div
      className="loading-container"
    />
  </div>
  <button
    className="create-booking"
    type="submit"
  >
    Create booking
  </button>
</form>
`;
